Microchip MPLAB XC8 Compiler V1.33 ()

Linker command line:

--edf=D:\Program Files (x86)\Microchip\xc8\v1.33\dat\en_msgs.txt -cs \
  -h+dist/default/production\DACVolume.X.production.sym \
  --cmf=dist/default/production\DACVolume.X.production.cmf -z -Q18F67J60 \
  -oC:\Users\Main\AppData\Local\Temp\s5u4.6 \
  -Mdist/default/production/DACVolume.X.production.map -E1 -ver=XC8 \
  -ASTACK=0500h-09ffh -pstack=STACK -p_reserveSettingsArr_const=1D000h \
  -ACODE=00h-01FFF7h -ACONST=00h-01FFF7h \
  -ASMALLCONST=01000h-010FFhx495,01FF00h-01FFF7h \
  -AMEDIUMCONST=01000h-0FFFFh,011000h-01FFF7h -ACOMRAM=01h-05Fh \
  -AABS1=00h-0E7Fh,0F00h-0F5Fh -ABIGRAM=01h-0E7Fh,0F00h-0F5Fh \
  -ARAM=060h-0FFh,0100h-01FFhx13,0E00h-0E7Fh,0F00h-0F5Fh -ABANK0=060h-0FFh \
  -ABANK1=0100h-01FFh -ABANK2=0200h-02FFh -ABANK3=0300h-03FFh \
  -ABANK4=0400h-04FFh -ABANK5=0500h-05FFh -ABANK6=0600h-06FFh \
  -ABANK7=0700h-07FFh -ABANK8=0800h-08FFh -ABANK9=0900h-09FFh \
  -ABANK10=0A00h-0AFFh -ABANK11=0B00h-0BFFh -ABANK12=0C00h-0CFFh \
  -ABANK13=0D00h-0DFFh -ABANK14=0E00h-0E7Fh -ABANK15=0F00h-0F5Fh \
  -ASFR=0E80h-0EFFh,0F60h-0FFFh \
  -preset_vec=00h,intcode=08h,intcodelo,powerup,init,end_init \
  -pramtop=01000h -psmallconst=SMALLCONST -pmediumconst=MEDIUMCONST \
  -pconst=CONST -AFARRAM=00h-00h -ACONFIG=01FFF8h-01FFFDh -pconfig=CONFIG \
  -pjflash_buffer=01F800h \
  -prdata=COMRAM,nvrram=COMRAM,nvbit=COMRAM,rbss=COMRAM,rbit=COMRAM \
  -pfarbss=FARRAM,fardata=FARRAM,nvFARRAM=FARRAM \
  -pintsave_regs=BIGRAM,bigbss=BIGRAM,bigdata=BIGRAM -pbss=RAM \
  -pidata=CODE,irdata=CODE,ibigdata=CODE,ifardata=CODE \
  C:\Users\Main\AppData\Local\Temp\s5u4.obj \
  dist/default/production\DACVolume.X.production.obj 

Object code version is 3.11

Machine type is 18F67J60

Call graph: (short form)




                Name                               Link     Load   Length Selector   Space Scale
C:\Users\Main\AppData\Local\Temp\s5u4.obj
                end_init                            1B4      1B4        4        4       0
                reset_vec                             0        0        4        0       0
                config                            1FFF8    1FFF8        6    1FFF8       0
dist/default/production\DACVolume.X.production.obj
                intcode                               8        8      1AC        4       0
                mediumconst                        FE2A     FE2A      1D6     7F15       0
                text177                           1B5C8    1B5C8       32     8000       0
                text176                           1B890    1B890       22     8000       0
                text175                           1B8D2    1B8D2       20     8000       0
                text174                           1AE0A    1AE0A       60     8000       0
                text173                           1B86E    1B86E       22     8000       0
                text172                           1BA06    1BA06       16     8000       0
                text171                           1BA6C    1BA6C       14     8000       0
                text170                           1BAA4    1BAA4       12     8000       0
                text169                           1A108    1A108       A8     8000       0
                text168                           16C1C    16C1C      1AC     8000       0
                text167                           190C0    190C0       F0     8000       0
                text166                           18FCA    18FCA       F6     8000       0
                text165                           1B7E4    1B7E4       24     8000       0
                text164                           1689A    1689A      1D4     8000       0
                text163                           164E0    164E0      1DE     8000       0
                text162                           1B9F0    1B9F0       16     8000       0
                text161                           1B1AC    1B1AC       48     8000       0
                text160                           19466    19466       E2     8000       0
                text159                           1A692    1A692       90     8000       0
                text158                           1B79A    1B79A       26     8000       0
                text157                           1B460    1B460       36     8000       0
                text156                           1A940    1A940       82     8000       0
                text155                           1AD44    1AD44       66     8000       0
                text154                           1AEC6    1AEC6       5C     8000       0
                text153                           17A28    17A28      168     8000       0
                text152                           180BE    180BE      132     8000       0
                text151                           1A2F8    1A2F8       A4     8000       0
                text150                           1A602    1A602       90     8000       0
                text149                           1B774    1B774       26     8000       0
                text148                           14F6A    14F6A      276     8000       0
                text147                           1B8B2    1B8B2       20     8000       0
                text146                           1FB78    1FB78      450     E800       0
                text145                           122F8    122F8      A8A     8000       0
                text144                           1A43C    1A43C       9E     8000       0
                text143                           1B340    1B340       3E     8000       0
                text142                           1BB04    1BB04        6     DD76       0
                text141                           1B9DA    1B9DA       16     8000       0
                text140                           1BA58    1BA58       14     8000       0
                text139                           1A836    1A836       88     8000       0
                text138                           1B0D2    1B0D2       4A     8000       0
                text137                           1B4FE    1B4FE       34     8000       0
                text136                           1B74E    1B74E       26     8000       0
                text135                           1A39C    1A39C       A0     8000       0
                text134                           172B8    172B8      18C     8000       0
                text133                           1B682    1B682       2C     8000       0
                text132                           1B302    1B302       3E     8000       0
                text131                           1BA44    1BA44       14     8000       0
                text130                           1929A    1929A       EA     8000       0
                text129                           1B948    1B948       1C     8000       0
                text128                           1BAB6    1BAB6       10     8000       0
                text127                           1AB30    1AB30       6E     8000       0
                text126                           1AFD6    1AFD6       5A     8000       0
                text125                           18444    18444      126     8000       0
                text124                           1B596    1B596       32     8000       0
                text123                           19974    19974       D2     8000       0
                text122                           1567C    1567C      230     8000       0
                text120                           1B164    1B164       48     8000       0
                text119                           1A8BE    1A8BE       82     8000       0
                text118                           1AB9E    1AB9E       6C     8000       0
                text117                           188A8    188A8      10E     8000       0
                text116                           1B3F2    1B3F2       38     8000       0
                text115                           1AAC0    1AAC0       70     8000       0
                text114                           1BAFE    1BAFE        6     DD76       0
                text113                           1B6D8    1B6D8       2A     8000       0
                text112                           1BAC6    1BAC6        E     8000       0
                text111                           1B4CA    1B4CA       34     8000       0
                text110                           18BCC    18BCC      104     8000       0
                text109                           196F6    196F6       D6     8000       0
                text108                           1AE6A    1AE6A       5C     8000       0
                text107                           1BAD4    1BAD4        C     8000       0
                text106                           1BAEC    1BAEC        A     DD76       0
                text105                           17116    17116      1A2     8000       0
                text104                           1FFC8    1FFC8       30     E800       0
                text103                           1BA92    1BA92       12     8000       0
                text102                           1BA80    1BA80       12     8000       0
                text101                           191B0    191B0       EA     8000       0
                text100                           19620    19620       D6     8000       0
                text99                            19BE0    19BE0       CA     8000       0
                text98                            1ACDC    1ACDC       68     8000       0
                text97                            16F70    16F70      1A6     8000       0
                text96                            1A060    1A060       A8     8000       0
                text95                            15AD4    15AD4      220     8000       0
                text94                            1B23A    1B23A       44     8000       0
                text93                            1BA30    1BA30       14     8000       0
                text92                            1AC74    1AC74       68     8000       0
                text91                            1B92C    1B92C       1C     8000       0
                text90                            1BA1C    1BA1C       14     8000       0
                text89                            1BAF6    1BAF6        8     DD76       0
                text88                            1B564    1B564       32     8000       0
                text87                            1B84C    1B84C       22     8000       0
                text86                            1B7C0    1B7C0       24     8000       0
                text85                            1B964    1B964       1A     8000       0
                text84                            1A56E    1A56E       94     8000       0
                text83                            1B2C0    1B2C0       42     8000       0
                text82                            1ADAA    1ADAA       60     8000       0
                text81                            16DC8    16DC8      1A8     8000       0
                text80                            1B496    1B496       34     8000       0
                text79                            1B728    1B728       26     8000       0
                text78                            1B3BA    1B3BA       38     8000       0
                text77                            1AF7C    1AF7C       5A     8000       0
                text76                            1A722    1A722       8C     8000       0
                text75                            1B8F2    1B8F2       1E     8000       0
                text74                            19FB2    19FB2       AE     8000       0
                text73                            181F0    181F0      12C     8000       0
                text72                            1B11C    1B11C       48     8000       0
                text71                            17F78    17F78      146     8000       0
                text70                            17CE8    17CE8      14A     8000       0
                text69                            1A7AE    1A7AE       88     8000       0
                text68                            1B030    1B030       58     8000       0
                text67                            19E36    19E36       C2     8000       0
                text66                            178BA    178BA      16E     8000       0
                text65                            18798    18798      110     8000       0
                text64                            1B702    1B702       26     8000       0
                text63                            1B42A    1B42A       36     8000       0
                text62                            135FE    135FE      660     8000       0
                text61                            1B910    1B910       1C     8000       0
                text60                            17E32    17E32      146     8000       0
                text59                            18ED4    18ED4       F6     8000       0
                text58                            1856A    1856A      11A     8000       0
                text57                            19548    19548       D8     8000       0
                text56                            1B27E    1B27E       42     8000       0
                text55                            1610A    1610A      1F6     8000       0
                text54                            12D82    12D82      87C     8000       0
                text53                            10000    10000     1832     8000       0
                text52                            16A6E    16A6E      1AE     8000       0
                text51                            18684    18684      114     8000       0
                text50                            18DD2    18DD2      102     8000       0
                text49                            18CD0    18CD0      102     8000       0
                text48                            11832    11832      AC6     8000       0
                text47                            19B16    19B16       CA     8000       0
                text46                            1B82A    1B82A       22     8000       0
                text45                            1AC0A    1AC0A       6A     8000       0
                text44                            1B996    1B996       18     8000       0
                text43                            1B9C4    1B9C4       16     8000       0
                text42                            18AC2    18AC2      10A     8000       0
                text41                            14CEA    14CEA      280     8000       0
                text40                            17744    17744      176     8000       0
                text39                            175C8    175C8      17C     8000       0
                text38                            1B628    1B628       2E     8000       0
                text37                            151E0    151E0      268     8000       0
                text36                            15CF4    15CF4      21E     8000       0
                text35                            1B9AE    1B9AE       16     8000       0
                text34                            1AF22    1AF22       5A     8000       0
                text33                            17B90    17B90      158     8000       0
                text32                            198A0    198A0       D4     8000       0
                text31                            1B532    1B532       32     8000       0
                text30                            1B37E    1B37E       3C     8000       0
                text29                            197CC    197CC       D4     8000       0
                text28                            1A254    1A254       A4     8000       0
                text27                            1AA42    1AA42       7E     8000       0
                text26                            158AC    158AC      228     8000       0
                text25                            16300    16300      1E0     8000       0
                text24                            19384    19384       E2     8000       0
                text23                            19D72    19D72       C4     8000       0
                text22                            14704    14704      32C     8000       0
                text21                            1B656    1B656       2C     8000       0
                text20                            13C5E    13C5E      5C2     8000       0
                text19                            1F000    1F000      B78     E800       0
                text18                            19EF8    19EF8       BA     8000       0
                text17                            1B97E    1B97E       18     8000       0
                text16                            1A1B0    1A1B0       A4     8000       0
                text15                            1B088    1B088       4A     8000       0
                text14                            1A4DA    1A4DA       94     8000       0
                text13                            17444    17444      184     8000       0
                text12                            1831C    1831C      128     8000       0
                text11                            19CAA    19CAA       C8     8000       0
                text10                            14A30    14A30      2BA     8000       0
                text9                             1B808    1B808       22     8000       0
                text8                             19A46    19A46       D0     8000       0
                text7                             166BE    166BE      1DC     8000       0
                text6                             1B6AE    1B6AE       2A     8000       0
                text5                             15F12    15F12      1F8     8000       0
                text4                             1B1F4    1B1F4       46     8000       0
                text3                             189B6    189B6      10C     8000       0
                text2                             15448    15448      234     8000       0
                text1                             14220    14220      4E4     8000       0
                text0                             1B5FA    1B5FA       2E     8000       0
                cstackCOMRAM                          1        1       5E        1       1
                cstackBANK0                          60       60       53       60       1
                cstackBANK1                         100      100       B3      100       1
                bssBANK4                            400      400      100      400       1
                bssBANK2                            200      200       D3      200       1
                dataBANK1                           1FC      1FC        4      100       1
                bssBANK1                            1B3      1B3       49      100       1
                dataBANK0                            F3       F3        B       60       1
                bssBANK0                             B3       B3       40       60       1
                bssCOMRAM                            5F       5F        1        1       1
                cinit                             1A9C2    1A9C2       80     8000       0
                nvBANK3                             300      300       14      300       1
                nvBANK2                             2D3      2D3       28      200       1
                _reserveSettingsArr_const         1D000    1D000     2000     E800       0
                idataBANK1                        1BB0A    1BB0A        4     DD76       0
                idataBANK0                        1BAE0    1BAE0        B     8000       0

TOTAL           Name                               Link     Load   Length     Space
        CLASS   STACK          

        CLASS   CODE           
                end_init                            1B4      1B4        4         0
                intcode                               8        8      1AC         0
                reset_vec                             0        0        4         0
                text177                           1B5C8    1B5C8       32         0
                text176                           1B890    1B890       22         0
                text175                           1B8D2    1B8D2       20         0
                text174                           1AE0A    1AE0A       60         0
                text173                           1B86E    1B86E       22         0
                text172                           1BA06    1BA06       16         0
                text171                           1BA6C    1BA6C       14         0
                text170                           1BAA4    1BAA4       12         0
                text169                           1A108    1A108       A8         0
                text168                           16C1C    16C1C      1AC         0
                text167                           190C0    190C0       F0         0
                text166                           18FCA    18FCA       F6         0
                text165                           1B7E4    1B7E4       24         0
                text164                           1689A    1689A      1D4         0
                text163                           164E0    164E0      1DE         0
                text162                           1B9F0    1B9F0       16         0
                text161                           1B1AC    1B1AC       48         0
                text160                           19466    19466       E2         0
                text159                           1A692    1A692       90         0
                text158                           1B79A    1B79A       26         0
                text157                           1B460    1B460       36         0
                text156                           1A940    1A940       82         0
                text155                           1AD44    1AD44       66         0
                text154                           1AEC6    1AEC6       5C         0
                text153                           17A28    17A28      168         0
                text152                           180BE    180BE      132         0
                text151                           1A2F8    1A2F8       A4         0
                text150                           1A602    1A602       90         0
                text149                           1B774    1B774       26         0
                text148                           14F6A    14F6A      276         0
                text147                           1B8B2    1B8B2       20         0
                text146                           1FB78    1FB78      450         0
                text145                           122F8    122F8      A8A         0
                text144                           1A43C    1A43C       9E         0
                text143                           1B340    1B340       3E         0
                text142                           1BB04    1BB04        6         0
                text141                           1B9DA    1B9DA       16         0
                text140                           1BA58    1BA58       14         0
                text139                           1A836    1A836       88         0
                text138                           1B0D2    1B0D2       4A         0
                text137                           1B4FE    1B4FE       34         0
                text136                           1B74E    1B74E       26         0
                text135                           1A39C    1A39C       A0         0
                text134                           172B8    172B8      18C         0
                text133                           1B682    1B682       2C         0
                text132                           1B302    1B302       3E         0
                text131                           1BA44    1BA44       14         0
                text130                           1929A    1929A       EA         0
                text129                           1B948    1B948       1C         0
                text128                           1BAB6    1BAB6       10         0
                text127                           1AB30    1AB30       6E         0
                text126                           1AFD6    1AFD6       5A         0
                text125                           18444    18444      126         0
                text124                           1B596    1B596       32         0
                text123                           19974    19974       D2         0
                text122                           1567C    1567C      230         0
                text120                           1B164    1B164       48         0
                text119                           1A8BE    1A8BE       82         0
                text118                           1AB9E    1AB9E       6C         0
                text117                           188A8    188A8      10E         0
                text116                           1B3F2    1B3F2       38         0
                text115                           1AAC0    1AAC0       70         0
                text114                           1BAFE    1BAFE        6         0
                text113                           1B6D8    1B6D8       2A         0
                text112                           1BAC6    1BAC6        E         0
                text111                           1B4CA    1B4CA       34         0
                text110                           18BCC    18BCC      104         0
                text109                           196F6    196F6       D6         0
                text108                           1AE6A    1AE6A       5C         0
                text107                           1BAD4    1BAD4        C         0
                text106                           1BAEC    1BAEC        A         0
                text105                           17116    17116      1A2         0
                text104                           1FFC8    1FFC8       30         0
                text103                           1BA92    1BA92       12         0
                text102                           1BA80    1BA80       12         0
                text101                           191B0    191B0       EA         0
                text100                           19620    19620       D6         0
                text99                            19BE0    19BE0       CA         0
                text98                            1ACDC    1ACDC       68         0
                text97                            16F70    16F70      1A6         0
                text96                            1A060    1A060       A8         0
                text95                            15AD4    15AD4      220         0
                text94                            1B23A    1B23A       44         0
                text93                            1BA30    1BA30       14         0
                text92                            1AC74    1AC74       68         0
                text91                            1B92C    1B92C       1C         0
                text90                            1BA1C    1BA1C       14         0
                text89                            1BAF6    1BAF6        8         0
                text88                            1B564    1B564       32         0
                text87                            1B84C    1B84C       22         0
                text86                            1B7C0    1B7C0       24         0
                text85                            1B964    1B964       1A         0
                text84                            1A56E    1A56E       94         0
                text83                            1B2C0    1B2C0       42         0
                text82                            1ADAA    1ADAA       60         0
                text81                            16DC8    16DC8      1A8         0
                text80                            1B496    1B496       34         0
                text79                            1B728    1B728       26         0
                text78                            1B3BA    1B3BA       38         0
                text77                            1AF7C    1AF7C       5A         0
                text76                            1A722    1A722       8C         0
                text75                            1B8F2    1B8F2       1E         0
                text74                            19FB2    19FB2       AE         0
                text73                            181F0    181F0      12C         0
                text72                            1B11C    1B11C       48         0
                text71                            17F78    17F78      146         0
                text70                            17CE8    17CE8      14A         0
                text69                            1A7AE    1A7AE       88         0
                text68                            1B030    1B030       58         0
                text67                            19E36    19E36       C2         0
                text66                            178BA    178BA      16E         0
                text65                            18798    18798      110         0
                text64                            1B702    1B702       26         0
                text63                            1B42A    1B42A       36         0
                text62                            135FE    135FE      660         0
                text61                            1B910    1B910       1C         0
                text60                            17E32    17E32      146         0
                text59                            18ED4    18ED4       F6         0
                text58                            1856A    1856A      11A         0
                text57                            19548    19548       D8         0
                text56                            1B27E    1B27E       42         0
                text55                            1610A    1610A      1F6         0
                text54                            12D82    12D82      87C         0
                text53                            10000    10000     1832         0
                text52                            16A6E    16A6E      1AE         0
                text51                            18684    18684      114         0
                text50                            18DD2    18DD2      102         0
                text49                            18CD0    18CD0      102         0
                text48                            11832    11832      AC6         0
                text47                            19B16    19B16       CA         0
                text46                            1B82A    1B82A       22         0
                text45                            1AC0A    1AC0A       6A         0
                text44                            1B996    1B996       18         0
                text43                            1B9C4    1B9C4       16         0
                text42                            18AC2    18AC2      10A         0
                text41                            14CEA    14CEA      280         0
                text40                            17744    17744      176         0
                text39                            175C8    175C8      17C         0
                text38                            1B628    1B628       2E         0
                text37                            151E0    151E0      268         0
                text36                            15CF4    15CF4      21E         0
                text35                            1B9AE    1B9AE       16         0
                text34                            1AF22    1AF22       5A         0
                text33                            17B90    17B90      158         0
                text32                            198A0    198A0       D4         0
                text31                            1B532    1B532       32         0
                text30                            1B37E    1B37E       3C         0
                text29                            197CC    197CC       D4         0
                text28                            1A254    1A254       A4         0
                text27                            1AA42    1AA42       7E         0
                text26                            158AC    158AC      228         0
                text25                            16300    16300      1E0         0
                text24                            19384    19384       E2         0
                text23                            19D72    19D72       C4         0
                text22                            14704    14704      32C         0
                text21                            1B656    1B656       2C         0
                text20                            13C5E    13C5E      5C2         0
                text19                            1F000    1F000      B78         0
                text18                            19EF8    19EF8       BA         0
                text17                            1B97E    1B97E       18         0
                text16                            1A1B0    1A1B0       A4         0
                text15                            1B088    1B088       4A         0
                text14                            1A4DA    1A4DA       94         0
                text13                            17444    17444      184         0
                text12                            1831C    1831C      128         0
                text11                            19CAA    19CAA       C8         0
                text10                            14A30    14A30      2BA         0
                text9                             1B808    1B808       22         0
                text8                             19A46    19A46       D0         0
                text7                             166BE    166BE      1DC         0
                text6                             1B6AE    1B6AE       2A         0
                text5                             15F12    15F12      1F8         0
                text4                             1B1F4    1B1F4       46         0
                text3                             189B6    189B6      10C         0
                text2                             15448    15448      234         0
                text1                             14220    14220      4E4         0
                text0                             1B5FA    1B5FA       2E         0
                cinit                             1A9C2    1A9C2       80         0
                _reserveSettingsArr_const         1D000    1D000     2000         0
                idataBANK1                        1BB0A    1BB0A        4         0
                idataBANK0                        1BAE0    1BAE0        B         0

        CLASS   CONST          

        CLASS   SMALLCONST     

        CLASS   MEDIUMCONST    
                mediumconst                        FE2A     FE2A      1D6         0

        CLASS   COMRAM         
                cstackCOMRAM                          1        1       5E         1
                bssCOMRAM                            5F       5F        1         1

        CLASS   ABS1           
                abs_s1                              E7E      E7E        2         1

        CLASS   BIGRAM         

        CLASS   RAM            

        CLASS   BANK0          
                cstackBANK0                          60       60       53         1
                dataBANK0                            F3       F3        B         1
                bssBANK0                             B3       B3       40         1

        CLASS   BANK1          
                cstackBANK1                         100      100       B3         1
                dataBANK1                           1FC      1FC        4         1
                bssBANK1                            1B3      1B3       49         1

        CLASS   BANK2          
                bssBANK2                            200      200       D3         1
                nvBANK2                             2D3      2D3       28         1

        CLASS   BANK3          
                nvBANK3                             300      300       14         1

        CLASS   BANK4          
                bssBANK4                            400      400      100         1

        CLASS   BANK5          

        CLASS   BANK6          

        CLASS   BANK7          

        CLASS   BANK8          

        CLASS   BANK9          

        CLASS   BANK10         

        CLASS   BANK11         

        CLASS   BANK12         

        CLASS   BANK13         

        CLASS   BANK14         

        CLASS   BANK15         

        CLASS   SFR            

        CLASS   FARRAM         

        CLASS   CONFIG         
                config                            1FFF8    1FFF8        6         0

        CLASS   IDLOC          



SEGMENTS        Name                           Load    Length   Top    Selector   Space  Class

                reset_vec                      000000  000004  000004         0       0  CODE    
                cstackCOMRAM                   000001  00005F  000060         1       1  COMRAM  
                intcode                        000008  0001B0  0001B8         4       0  CODE    
                cstackBANK0                    000060  00009E  0000FE        60       1  BANK0   
                cstackBANK1                    000100  000100  000200       100       1  BANK1   
                bssBANK2                       000200  0000FB  0002FB       200       1  BANK2   
                nvBANK3                        000300  000014  000314       300       1  BANK3   
                bssBANK4                       000400  000100  000500       400       1  BANK4   
                mediumconst                    00FE2A  0001D6  010000      7F15       0  MEDIUMCO
                text53                         010000  00BAEB  01BAEB      8000       0  CODE    
                text106                        01BAEC  000022  01BB0E      DD76       0  CODE    
                _reserveSettingsArr_const      01D000  002FF8  01FFF8      E800       0  CODE    
                config                         01FFF8  000006  01FFFE     1FFF8       0  CONFIG  


UNUSED ADDRESS RANGES

        Name                Unused          Largest block    Delta
        BANK0            000FE-000FF               2
        BANK10           00A00-00AFF             100
        BANK11           00B00-00BFF             100
        BANK12           00C00-00CFF             100
        BANK13           00D00-00DFF             100
        BANK14           00E00-00E7D              7E
        BANK15           00F00-00F5F              60
        BANK2            002FB-002FF               5
        BANK3            00314-003FF              EC
        BANK5            00500-005FF             100
        BANK6            00600-006FF             100
        BANK7            00700-007FF             100
        BANK8            00800-008FF             100
        BANK9            00900-009FF             100
        BIGRAM           000FE-000FF               2
                         002FB-002FF               5
                         00314-003FF              EC
                         00500-00E7D             97E
                         00F00-00F5F              60
        CODE             00004-00007               4
                         001B8-0FE29            FC72
                         1BAEB-1BAEB               1
                         1BB0E-1CFFF            14F2
        CONST            00004-00007               4
                         001B8-0FE29            FC72
                         1BAEB-1BAEB               1
                         1BB0E-1CFFF            14F2
        MEDIUMCONST      01000-0FE29            EE2A
                         1BAEB-1BAEB               1
                         1BB0E-1CFFF            14F2
        RAM              000FE-000FF               2
                         002FB-002FF               5
                         00314-003FF              EC
                         00500-00E7D             100
                         00F00-00F5F              60
        SFR              00E80-00EFF              80
                         00F60-00FFF              A0
        SMALLCONST       01000-0FE29             100
                         1BAEB-1BAEB               1
                         1BB0E-1CFFF             100
        STACK            00500-009FF             500

                                  Symbol Table

?_CalcIPBufferChecksum             cstackBANK1               00106
?_CalcIPChecksum                   cstackBANK1               00100
?_DbToCode                         cstackBANK1               00148
?_FindEmpty                        cstackBANK1               00110
?_GenerateRandomDWORD              cstackBANK1               00118
?_GetMaxSegSizeOption              cstackBANK1               00108
?_LFSRRand                         cstackBANK1               00100
?_MACCalcRxChecksum                cstackBANK1               00128
?_MACGetFreeRxSize                 cstackBANK1               00100
?_TCPIsGetReady                    cstackBANK1               00121
?_TCPIsPutReady                    cstackBANK1               00121
?_TCPPutArray                      cstackBANK1               00157
?_TickGet                          cstackBANK1               00100
?_TickGetDiv256                    cstackBANK1               00100
?___awdiv                          cstackBANK1               00106
?___awmod                          cstackBANK1               00100
?___awtoft                         cstackBANK1               00108
?___ftadd                          cstackBANK1               0012D
?___ftdiv                          cstackBANK1               0010C
?___ftmul                          cstackBANK1               00114
?___ftneg                          cstackBANK1               00100
?___ftpack                         cstackBANK1               00100
?___ftsub                          cstackBANK1               00139
?___fttol                          cstackBANK1               00139
?___lldiv                          cstackBANK1               00100
?___llmod                          cstackBANK1               00100
?___lltoft                         cstackBANK1               00108
?___lwtoft                         cstackBANK1               00108
?___wmul                           cstackBANK1               0010E
?__div_to_l_                       cstackBANK1               00100
?__tdiv_to_l_                      cstackBANK1               00100
?_fround                           cstackBANK1               00123
?_memcmp                           cstackBANK1               00100
?_scale                            cstackBANK1               00123
?_sprintf                          cstackBANK1               00148
?_swapl                            cstackBANK1               00100
?_swaps                            cstackBANK1               00100
?i2_DbToCode                       cstackCOMRAM              00049
?i2_FindEmpty                      cstackCOMRAM              00011
?i2_TickGet                        cstackCOMRAM              00001
?i2___awdiv                        cstackCOMRAM              00007
?i2___awmod                        cstackCOMRAM              00001
?i2___awtoft                       cstackCOMRAM              00009
?i2___ftadd                        cstackCOMRAM              0002E
?i2___ftdiv                        cstackCOMRAM              0000D
?i2___ftmul                        cstackCOMRAM              00015
?i2___ftneg                        cstackCOMRAM              00001
?i2___ftpack                       cstackCOMRAM              00001
?i2___ftsub                        cstackCOMRAM              0003A
?i2___fttol                        cstackCOMRAM              0003A
?i2___lldiv                        cstackCOMRAM              00001
?i2___llmod                        cstackCOMRAM              00001
?i2___lltoft                       cstackCOMRAM              00009
?i2___lwtoft                       cstackCOMRAM              00009
?i2___wmul                         cstackCOMRAM              0000F
?i2__div_to_l_                     cstackCOMRAM              00001
?i2__tdiv_to_l_                    cstackCOMRAM              00001
?i2_fround                         cstackCOMRAM              00024
?i2_memcmp                         cstackCOMRAM              00001
?i2_scale                          cstackCOMRAM              00024
?i2_sprintf                        cstackCOMRAM              00049
ARPIsResolved@IPAddr               cstackBANK1               00100
ARPIsResolved@MACAddr              cstackBANK1               00102
ARPProcess@Target                  bssBANK0                  000B3
ARPProcess@packet                  cstackBANK1               00120
ARPProcess@smARP                   bssBANK1                  001B3
ARPPut@packet                      cstackBANK1               0011E
ARPResolve@IPAddr                  cstackBANK1               00120
ARPResolve@packet                  cstackBANK1               00132
CalcIPBufferChecksum@Checksum      cstackBANK1               00122
CalcIPBufferChecksum@ChunkLen      cstackBANK1               00126
CalcIPBufferChecksum@DataBuffer    cstackBANK1               0010A
CalcIPBufferChecksum@DataPtr       cstackBANK1               00120
CalcIPBufferChecksum@F7102         bssBANK0                  000CD
CalcIPBufferChecksum@Start         cstackBANK1               0011E
CalcIPBufferChecksum@len           cstackBANK1               00106
CalcIPChecksum@buffer              cstackBANK1               00100
CalcIPChecksum@count               cstackBANK1               00102
CalcIPChecksum@i                   cstackBANK1               00106
CalcIPChecksum@sum                 cstackBANK1               0010A
CalcIPChecksum@val                 cstackBANK1               00108
ChangeMasterVolume@d               cstackCOMRAM              0005E
ChangeMasterVolume@prev            cstackCOMRAM              0005D
DbToCode@k                         cstackBANK1               00150
DbToCode@volume                    cstackBANK1               00148
Delay10KTCYx@unit                  cstackBANK1               00101
Delay1KTCYx@unit                   cstackBANK1               00100
EraseFlash@endaddr                 cstackBANK1               00104
EraseFlash@flag                    cstackBANK1               00108
EraseFlash@flash_addr              cstackBANK1               00109
EraseFlash@startaddr               cstackBANK1               00100
FindEmpty@addr                     cstackBANK1               00122
FindEmpty@addrStop                 cstackBANK1               0011C
FindEmpty@blockEnd                 cstackBANK1               00120
FindEmpty@startAddr                cstackBANK1               00110
FindEmpty@tmpAddr                  cstackBANK1               00126
FindMatchingSocket@h               cstackBANK1               00128
FindMatchingSocket@hTCP            cstackBANK1               00137
FindMatchingSocket@hash            cstackBANK1               00134
FindMatchingSocket@partialMatch    cstackBANK1               00136
FindMatchingSocket@remote          cstackBANK1               0012A
FindMatchingSocket@wQueueInsertPos cstackBANK1               00138
FormatNetBIOSName@Name             cstackBANK1               00105
FormatNetBIOSName@i                cstackBANK1               00107
GenerateRandomDWORD@ADCON0Save     cstackBANK1               00125
GenerateRandomDWORD@ADCON2Save     cstackBANK1               00126
GenerateRandomDWORD@T0CONSave      cstackBANK1               00127
GenerateRandomDWORD@TMR0HSave      cstackBANK1               00128
GenerateRandomDWORD@TMR0LSave      cstackBANK1               00129
GenerateRandomDWORD@dwTotalTime    cstackBANK1               00120
GenerateRandomDWORD@randomResult   cstackBANK1               0012C
GenerateRandomDWORD@vBitCount      cstackBANK1               00124
GenerateRandomDWORD@w              cstackBANK1               0011E
GenerateRandomDWORD@wLastValue     cstackBANK1               0012A
GenerateRandomDWORD@wTime          cstackBANK1               00130
GetCheckSum@data                   cstackBANK1               00100
GetCheckSum@dataLen                cstackBANK1               00102
GetCheckSum@i                      cstackBANK1               00104
GetCheckSum@res                    cstackBANK1               00103
GetMaxSegSizeOption@vOption        cstackBANK1               0010D
GetMaxSegSizeOption@vOptionsBytes  cstackBANK1               0010C
GetMaxSegSizeOption@wMSS           cstackBANK1               0010A
HandleTCPSeg@bSegmentAcceptable    cstackBANK1               00164
HandleTCPSeg@dwTemp                cstackBANK1               0016B
HandleTCPSeg@h                     cstackBANK1               00156
HandleTCPSeg@lMissingBytes         cstackBANK1               0016F
HandleTCPSeg@len                   cstackBANK1               00158
HandleTCPSeg@localAckNumber        cstackBANK1               00175
HandleTCPSeg@localHeaderFlags      cstackBANK1               00179
HandleTCPSeg@localSeqNumber        cstackBANK1               00165
HandleTCPSeg@wFreeSpace            cstackBANK1               00173
HandleTCPSeg@wMissingBytes         cstackBANK1               0017C
HandleTCPSeg@wNewWindow            cstackBANK1               00162
HandleTCPSeg@wSegmentLength        cstackBANK1               00169
HandleTCPSeg@wTemp                 cstackBANK1               0017A
IPGetHeader@CalcChecksum           cstackBANK1               0013E
IPGetHeader@header                 cstackBANK1               00140
IPGetHeader@len                    cstackBANK1               00138
IPGetHeader@localIP                cstackBANK1               00132
IPGetHeader@protocol               cstackBANK1               00136
IPGetHeader@remote                 cstackBANK1               00134
IPPutHeader@header                 cstackBANK1               00113
IPPutHeader@len                    cstackBANK1               00111
IPPutHeader@protocol               cstackBANK1               00110
IPPutHeader@remote                 cstackBANK1               0010E
IPSetRxBuffer@Offset               cstackBANK1               00106
ISRLP@currentTS                    cstackBANK0               000AE
ISRLP@d                            cstackBANK0               000B2
ISRLP@diff                         cstackBANK0               000AA
LFSRRand@i                         cstackBANK1               0010E
LFSRSeedRand@dwOldSeed             cstackBANK1               00113
LFSRSeedRand@dwSeed                cstackBANK1               0010F
LFSRSeedRand@i                     cstackBANK1               00117
MACCalcRxChecksum@RDSave           cstackBANK1               0012E
MACCalcRxChecksum@len              cstackBANK1               0012A
MACCalcRxChecksum@offset           cstackBANK1               00128
MACCalcRxChecksum@temp             cstackBANK1               00130
MACDiscardRx@NewRXRDLocation       cstackBANK1               00100
MACFlush@i                         cstackBANK1               0010C
MACGetArray@len                    cstackBANK1               00102
MACGetArray@val                    cstackBANK1               00100
MACGetArray@w                      cstackBANK1               00104
MACGetFreeRxSize@ReadPT            cstackBANK1               00106
MACGetFreeRxSize@WritePT           cstackBANK1               00104
MACGetHeader@header                cstackBANK1               00124
MACGetHeader@remote                cstackBANK1               0011E
MACGetHeader@type                  cstackBANK1               00120
MACMemCopyAsync@ReadSave           cstackBANK1               0010B
MACMemCopyAsync@UpdateReadPointer  cstackBANK1               00110
MACMemCopyAsync@UpdateWritePointer cstackBANK1               0010F
MACMemCopyAsync@WriteSave          cstackBANK1               0010D
MACMemCopyAsync@destAddr           cstackBANK1               00101
MACMemCopyAsync@len                cstackBANK1               00105
MACMemCopyAsync@sourceAddr         cstackBANK1               00103
MACPut@val                         cstackBANK1               00100
MACPutArray@len                    cstackBANK1               00102
MACPutArray@val                    cstackBANK1               00100
MACPutHeader@dataLen               cstackBANK1               00107
MACPutHeader@remote                cstackBANK1               00104
MACPutHeader@type                  cstackBANK1               00106
MACSetReadPtr@address              cstackBANK1               00100
MACSetReadPtr@oldVal               cstackBANK1               00102
MACSetReadPtrInRx@ReadPT           cstackBANK1               00104
MACSetReadPtrInRx@offset           cstackBANK1               00100
MACSetWritePtr@address             cstackBANK1               00100
MACSetWritePtr@oldVal              cstackBANK1               00102
OpenSLCD@lcdtype                   cstackBANK1               00102
ProcessIRCode@delta                cstackBANK0               00097
ProcessIRCode@numTick              cstackBANK0               00093
ProcessIRInt@diff                  cstackCOMRAM              0000D
ProcessIRInt@numTicks              cstackCOMRAM              00011
PutsSLCD@buffer                    cstackBANK1               00101
ReadFlash@flash_addr               cstackBANK1               00108
ReadFlash@flash_array              cstackBANK1               00106
ReadFlash@num_bytes                cstackBANK1               00104
ReadFlash@startaddr                cstackBANK1               00100
ReadFlash@tblptr_save              cstackBANK1               0010C
RefreshLine1Ex@line                cstackBANK1               00103
RefreshLine2Ex@line                cstackBANK1               00103
RestoreFromFlash@addr              cstackBANK1               0011D
RestoreFromFlash@addrStop          cstackBANK1               00118
RestoreFromFlash@chSum             cstackBANK1               0011C
SLCDSetDDRamAddr@DDaddr            cstackBANK1               00101
SaveToFlash@addr                   cstackBANK1               00134
SaveToFlash@cmp                    cstackBANK1               00138
SaveToFlash@emptyAddr              cstackBANK1               0013B
SaveToFlash@success                cstackBANK1               0013A
SendDataToDeviceCh@i               cstackBANK1               00169
SendDataToDeviceCh@mask            cstackBANK1               0016A
SendDataToDeviceCh@offset          cstackBANK1               00158
SendDataToDeviceCh@v               cstackBANK1               00156
SendDataToDeviceCh@values          cstackBANK1               00159
SendTCP@header                     cstackBANK1               00142
SendTCP@len                        cstackBANK1               00134
SendTCP@options                    cstackBANK1               0012D
SendTCP@pseudoHeader               cstackBANK1               00136
SendTCP@vSendFlags                 cstackBANK1               00128
SendTCP@vTCPFlags                  cstackBANK1               00133
SendTCP@wVal                       cstackBANK1               00131
StackInit@once                     bssCOMRAM                 0005F
StackTask@cFrameType               cstackBANK1               001B2
StackTask@cIPFrameType             cstackBANK1               001B1
StackTask@dataCount                cstackBANK1               001AB
StackTask@tempLocalIP              cstackBANK1               001AD
SwapARPPacket@p                    cstackBANK1               00105
SwapIPHeader@h                     cstackBANK1               00105
SwapTCPHeader@header               cstackBANK1               00105
SyncTCB@hLastTCB                   dataBANK1                 001FC
SyncTCBStub@hTCP                   cstackBANK1               00120
TCPClose@hTCP                      cstackBANK1               00157
TCPDisconnect@hTCP                 cstackBANK1               00156
TCPFlush@hTCP                      cstackBANK1               00156
TCPGetArray@RightLen               cstackBANK1               00131
TCPGetArray@buffer                 cstackBANK1               00126
TCPGetArray@hTCP                   cstackBANK1               0012E
TCPGetArray@len                    cstackBANK1               00128
TCPGetArray@wGetReadyCount         cstackBANK1               0012F
TCPGetRemoteInfo@RemoteInfo        bssBANK2                  002BD
TCPInit@i                          cstackBANK1               00142
TCPInit@ptrBaseAddress             cstackBANK1               00139
TCPInit@vMedium                    cstackBANK1               00141
TCPInit@vSocketsAllocated          cstackBANK1               00138
TCPInit@wCurrentETHAddress         cstackBANK1               0013F
TCPInit@wRXSize                    cstackBANK1               0013D
TCPInit@wTXSize                    cstackBANK1               0013B
TCPIsConnected@hTCP                cstackBANK1               00121
TCPIsGetReady@hTCP                 cstackBANK1               00125
TCPIsPutReady@hTCP                 cstackBANK1               00125
TCPIsPutReady@i                    cstackBANK1               00126
TCPOpen@dwRemoteHost               cstackBANK1               00156
TCPOpen@hTCP                       cstackBANK1               00162
TCPOpen@vRemoteHostType            cstackBANK1               0015A
TCPOpen@vSocketPurpose             cstackBANK1               0015D
TCPOpen@wPort                      cstackBANK1               0015B
TCPProcess@TCPHeader               cstackBANK1               00197
TCPProcess@checksum1               cstackBANK1               00186
TCPProcess@checksum2               cstackBANK1               00188
TCPProcess@len                     cstackBANK1               00182
TCPProcess@localIP                 cstackBANK1               00180
TCPProcess@optionsSize             cstackBANK1               0018A
TCPProcess@pseudoHeader            cstackBANK1               0018B
TCPProcess@remote                  cstackBANK1               0017E
TCPPutArray@data                   cstackBANK1               00157
TCPPutArray@hTCP                   cstackBANK1               00165
TCPPutArray@len                    cstackBANK1               00159
TCPPutArray@wActualLen             cstackBANK1               00161
TCPPutArray@wFreeTXSpace           cstackBANK1               00163
TCPPutArray@wRightLen              cstackBANK1               0015F
TCPRAMCopy@ptrDest                 cstackBANK1               0011E
TCPRAMCopy@ptrSource               cstackBANK1               00121
TCPRAMCopy@vDestType               cstackBANK1               00120
TCPRAMCopy@vSourceType             cstackBANK1               00123
TCPRAMCopy@wLength                 cstackBANK1               00124
TCPServer@checksum                 cstackBANK1               00186
TCPServer@cmdBytes                 cstackBANK1               00187
TCPServer@srvSocket                bssBANK1                  001B4
TCPServer@tcpServerState           bssBANK0                  000ED
TCPServer@wMaxGet                  cstackBANK1               00182
TCPServer@wMaxPut                  cstackBANK1               00184
TCPTick@bCloseSocket               cstackBANK1               00163
TCPTick@bRetransmit                cstackBANK1               00164
TCPTick@hTCP                       cstackBANK1               00165
TCPTick@vFlags                     cstackBANK1               00166
TCPTick@w                          cstackBANK1               00167
TickGet@dw                         cstackBANK1               00104
TickGetDiv256@dw                   cstackBANK1               00104
UpdateMasterVolume@dvol            cstackBANK1               0017E
UpdateMasterVolume@i               cstackBANK1               00181
UpdateSampleRate@srStr             cstackBANK1               00105
WriteBlockFlash@flag               cstackBANK1               0010C
WriteBlockFlash@flash_array        cstackBANK1               00105
WriteBlockFlash@num_blocks         cstackBANK1               00104
WriteBlockFlash@saddress           cstackBANK1               0010D
WriteBlockFlash@startaddr          cstackBANK1               00100
WriteBlockFlash@startptr           cstackBANK1               00108
WriteBlockFlash@write_byte         cstackBANK1               0010B
WriteCmdSLCD@cmd                   cstackBANK1               00100
WriteDataSLCD@data                 cstackBANK1               00100
WritePHYReg@Data                   cstackBANK1               00100
WritePHYReg@GIESave                cstackBANK1               00103
WritePHYReg@Register               cstackBANK1               00102
_ADCON0                            (abs)                     00FC2
_ADCON0bits                        (abs)                     00FC2
_ADCON1                            (abs)                     00FC1
_ADCON2                            (abs)                     00FC0
_ARPInit                           text113                   1B6D8
_ARPIsResolved                     text51                    18684
_ARPProcess                        text71                    17F78
_ARPPut                            text73                    181F0
_ARPResolve                        text50                    18DD2
_ARPResolve$3399                   cstackBANK1               0012E
_AppConfig                         bssBANK2                  0023C
_BusySLCD                          text87                    1B84C
_CMCON                             (abs)                     00FB4
_Cache                             bssBANK0                  000BD
_CalcIPBufferChecksum              text70                    17CE8
_CalcIPChecksum                    text59                    18ED4
_ChangeMasterVolume                text143                   1B340
_CloseSocket                       text99                    19BE0
_CloseSocket$7622                  cstackBANK1               00128
_Configure                         text92                    1AC74
_CurrentPacketLocation             bssBANK0                  000E1
_DbToCode                          text37                    151E0
_Delay10KTCYx                      text91                    1B92C
_Delay1KTCYx                       text90                    1BA1C
_DelayFor18TCY                     text88                    1B564
_DelayPORSLCD                      text89                    1BAF6
_ECON1bits                         (abs)                     00FD2
_ECON2bits                         (abs)                     00EFE
_EDMADST                           (abs)                     00EF4
_EDMAND                            (abs)                     00EF2
_EDMAST                            (abs)                     00EF0
_EECON1bits                        (abs)                     00FA6
_EECON2                            (abs)                     00FA7
_EIRbits                           (abs)                     00F60
_EPKTCNT                           (abs)                     00ED9
_ERDPT                             (abs)                     00F7A
_ERDPTH                            (abs)                     00F7B
_ERDPTL                            (abs)                     00F7A
_ERXND                             (abs)                     00EEA
_ERXRDPT                           (abs)                     00EEC
_ERXRDPTH                          (abs)                     00EED
_ERXRDPTL                          (abs)                     00EEC
_ERXST                             (abs)                     00EE8
_ERXWRPT                           (abs)                     00EEE
_ESTATbits                         (abs)                     00EFD
_ETXND                             (abs)                     00EE6
_ETXST                             (abs)                     00EE4
_EWRPT                             (abs)                     00EE2
_EraseFlash                        text14                    1A4DA
_FindEmpty                         text13                    17444
_FindMatchingSocket                text62                    135FE
_FormatNetBIOSName                 text119                   1A8BE
_GenerateRandomDWORD               text97                    16F70
_GetCheckSum                       text83                    1B2C0
_GetMaxSegSizeOption               text60                    17E32
_GetTickCopy                       text80                    1B496
_HandleTCPSeg                      text53                    10000
_INTCON                            (abs)                     00FF2
_INTCON2                           (abs)                     00FF1
_INTCON2bits                       (abs)                     00FF1
_INTCON3                           (abs)                     00FF0
_INTCON3bits                       (abs)                     00FF0
_INTCONbits                        (abs)                     00FF2
_IPGetHeader                       text66                    178BA
_IPHeaderLen                       bssBANK1                  001B5
_IPPutHeader                       text58                    1856A
_IPSetRxBuffer                     text61                    1B910
_IRTimerInt                        text132                   1B302
_IR_POWER_OFF                      mediumconst               0FF27
_IR_POWER_ON                       mediumconst               0FF2A
_IR_VOLUME_DOWN                    mediumconst               0FF0F
_IR_VOLUME_UP                      mediumconst               0FF18
_ISRLP                             intcode                   00008
_InitAppConfig                     text117                   188A8
_InitrIR                           text115                   1AAC0
_LATA                              (abs)                     00F89
_LATAbits                          (abs)                     00F89
_LATB                              (abs)                     00F8A
_LATBbits                          (abs)                     00F8A
_LATC                              (abs)                     00F8B
_LATD                              (abs)                     00F8C
_LATDbits                          (abs)                     00F8C
_LATE                              (abs)                     00F8D
_LATEbits                          (abs)                     00F8D
_LATFbits                          (abs)                     00F8E
_LATGbits                          (abs)                     00F8F
_LFSRRand                          text109                   196F6
_LFSRSeedRand                      text98                    1ACDC
_LOGS                              mediumconst               0FE2B
_MAADR1                            (abs)                     00E84
_MAADR2                            (abs)                     00E85
_MAADR3                            (abs)                     00E82
_MAADR4                            (abs)                     00E83
_MAADR5                            (abs)                     00E80
_MAADR6                            (abs)                     00E81
_MABBIPG                           (abs)                     00EA4
_MACCalcRxChecksum                 text69                    1A7AE
_MACDiscardRx                      text72                    1B11C
_MACFlush                          text78                    1B3BA
_MACGet                            text106                   1BAEC
_MACGetArray                       text108                   1AE6A
_MACGetFreeRxSize                  text57                    19548
_MACGetHeader                      text65                    18798
_MACInit                           text110                   18BCC
_MACIsMemCopyDone                  text107                   1BAD4
_MACIsTxReady                      text77                    1AF7C
_MACMemCopyAsync                   text105                   17116
_MACON1                            (abs)                     00EA0
_MACON3                            (abs)                     00EA2
_MACON4                            (abs)                     00EA3
_MACPut                            text112                   1BAC6
_MACPutArray                       text104                   1FFC8
_MACPutHeader                      text76                    1A722
_MACPutHeader$1874                 cstackBANK1               00109
_MACSetReadPtr                     text103                   1BA92
_MACSetReadPtrInRx                 text68                    1B030
_MACSetWritePtr                    text102                   1BA80
_MAIPGH                            (abs)                     00EA7
_MAIPGL                            (abs)                     00EA6
_MAMXFLH                           (abs)                     00EAB
_MAMXFLL                           (abs)                     00EAA
_MICMD                             (abs)                     00EB2
_MIRDH                             (abs)                     00EB9
_MIRDL                             (abs)                     00EB8
_MIREGADR                          (abs)                     00EB4
_MISTATbits                        (abs)                     00E8A
_MyTCB                             bssBANK1                  001B9
_MyTCBStub                         bssBANK1                  001E0
_NextPacketLocation                bssBANK0                  000E3
_NextPort                          bssBANK0                  000E5
_OSCCONbits                        (abs)                     00FD3
_OSCTUNE                           (abs)                     00F9B
_OpenSLCD                          text84                    1A56E
_PIE1bits                          (abs)                     00F9D
_PIR1bits                          (abs)                     00F9E
_PORTAbits                         (abs)                     00F80
_PORTBbits                         (abs)                     00F81
_PORTC                             (abs)                     00F82
_PowerOff                          text114                   1BAFE
_PowerOn                           text15                    1B088
_ProcessIRCode                     text134                   172B8
_ProcessIRInt                      text130                   1929A
_PutsSLCD                          text45                    1AC0A
_RCONbits                          (abs)                     00FD0
_ReInitTimer                       text131                   1BA44
_ReadFlash                         text82                    1ADAA
_RefreshLine1                      text43                    1B9C4
_RefreshLine1Ex                    text44                    1B996
_RefreshLine2Ex                    text17                    1B97E
_RestoreFromFlash                  text81                    16DC8
_SETTINGS_ADDR                     mediumconst               0FF07
_SETTINGS_LEN                      mediumconst               0FF0B
_SLCDSetDDRamAddr                  text85                    1B964
_SYNQueue                          bssBANK2                  00200
_SaveToFlash                       text10                    14A30
_SendDataToDeviceCh                text36                    15CF4
_SendTCP                           text54                    12D82
_SendVolumeToDevice                text35                    1B9AE
_SerializedMACAddress              mediumconst               0FF21
_StackInit                         text94                    1B23A
_StackInit$10831                   cstackBANK1               00143
_StackTask                         text47                    19B16
_SwapARPPacket                     text74                    19FB2
_SwapIPHeader                      text67                    19E36
_SwapTCPHeader                     text55                    1610A
_SyncTCB                           text100                   19620
_SyncTCBStub                       text96                    1A060
_T0CON                             (abs)                     00FD5
_T1CONbits                         (abs)                     00FCD
_TABLAT                            (abs)                     00FF5
_TBLPTRH                           (abs)                     00FF7
_TBLPTRL                           (abs)                     00FF6
_TBLPTRU                           (abs)                     00FF8
_TCBStubs                          bssBANK2                  0026F
_TCPClose                          text9                     1B808
_TCPDisconnect                     text49                    18CD0
_TCPFlush                          text4                     1B1F4
_TCPGetArray                       text7                     166BE
_TCPInit                           text95                    15AD4
_TCPIsConnected                    text6                     1B6AE
_TCPIsGetReady                     text8                     19A46
_TCPIsPutReady                     text3                     189B6
_TCPOpen                           text5                     15F12
_TCPProcess                        text52                    16A6E
_TCPPutArray                       text2                     15448
_TCPRAMCopy                        text101                   191B0
_TCPServer                         text1                     14220
_TCPSocketInitializer              mediumconst               0FF01
_TCPTick                           text48                    11832
_TMR0H                             (abs)                     00FD7
_TMR0L                             (abs)                     00FD6
_TMR1L                             (abs)                     00FCE
_TRISA                             (abs)                     00F92
_TRISAbits                         (abs)                     00F92
_TRISB                             (abs)                     00F93
_TRISC                             (abs)                     00F94
_TRISD                             (abs)                     00F95
_TRISE                             (abs)                     00F96
_TRISF                             (abs)                     00F97
_TRISG                             (abs)                     00F98
_TickGet                           text79                    1B728
_TickGetDiv256                     text64                    1B702
_TickInit                          text93                    1BA30
_TickUpdate                        text129                   1B948
_UpdateMasterVolume                text18                    19EF8
_UpdateSampleRate                  text16                    1A1B0
_WriteBlockFlash                   text12                    1831C
_WriteCmdSLCD                      text86                    1B7C0
_WriteDataSLCD                     text46                    1B82A
_WritePHYReg                       text111                   1B4CA
__CFG_CP0$OFF                      (abs)                     00000
__CFG_DEBUG$ON                     (abs)                     00000
__CFG_ETHLED$ON                    (abs)                     00000
__CFG_FCMEN$OFF                    (abs)                     00000
__CFG_FOSC$HS                      (abs)                     00000
__CFG_FOSC2$ON                     (abs)                     00000
__CFG_IESO$OFF                     (abs)                     00000
__CFG_STVR$ON                      (abs)                     00000
__CFG_WDT$OFF                      (abs)                     00000
__CFG_WDTPS$32768                  (abs)                     00000
__CFG_XINST$OFF                    (abs)                     00000
__HRAM                             (abs)                     00000
__H_reserveSettingsArr_const       _reserveSettingsArr_const 1F000
__Habs1                            abs1                      00000
__Hbank0                           bank0                     00000
__Hbank1                           bank1                     00000
__Hbank10                          bank10                    00000
__Hbank11                          bank11                    00000
__Hbank12                          bank12                    00000
__Hbank13                          bank13                    00000
__Hbank14                          bank14                    00000
__Hbank15                          bank15                    00000
__Hbank2                           bank2                     00000
__Hbank3                           bank3                     00000
__Hbank4                           bank4                     00000
__Hbank5                           bank5                     00000
__Hbank6                           bank6                     00000
__Hbank7                           bank7                     00000
__Hbank8                           bank8                     00000
__Hbank9                           bank9                     00000
__Hbigbss                          bigbss                    00000
__Hbigdata                         bigdata                   00000
__Hbigram                          bigram                    00000
__Hbss                             bss                       00000
__HbssBANK0                        bssBANK0                  00000
__HbssBANK1                        bssBANK1                  00000
__HbssBANK2                        bssBANK2                  00000
__HbssBANK4                        bssBANK4                  00000
__HbssCOMRAM                       bssCOMRAM                 00000
__Hcinit                           cinit                     00000
__Hclrtext                         clrtext                   00000
__Hcomram                          comram                    00000
__Hconfig                          config                    1FFFE
__Hconst                           const                     00000
__HcstackBANK0                     cstackBANK0               00000
__HcstackBANK1                     cstackBANK1               00000
__HcstackCOMRAM                    cstackCOMRAM              00000
__Hdata                            data                      00000
__HdataBANK0                       dataBANK0                 00000
__HdataBANK1                       dataBANK1                 00000
__Hend_init                        end_init                  001B8
__Hfarbss                          farbss                    00000
__Hfardata                         fardata                   00000
__Hibigdata                        ibigdata                  00000
__Hidata                           idata                     00000
__HidataBANK0                      idataBANK0                00000
__HidataBANK1                      idataBANK1                00000
__Hidloc                           idloc                     00000
__Hifardata                        ifardata                  00000
__Hinit                            init                      001B4
__Hintcode                         intcode                   001B4
__Hintcode_body                    intcode_body              00000
__Hintcodelo                       intcodelo                 001B4
__Hintentry                        intentry                  00000
[...]
      Locals:         0       0       0       0       0       0       0       0       0       0       0       0       0       0       0       0       0
      Temps:          0       0       0       0       0       0       0       0       0       0       0       0       0       0       0       0       0
      Totals:         2       0       0       0       0       0       0       0       0       0       0       0       0       0       0       0       0
Total ram usage:        2 bytes
 Hardware stack levels used:    1
 Hardware stack levels required when called:    2
 This function calls:
		i2_BusySLCD
		i2_WriteDataSLCD
 This function is called by:
		i2_RefreshLine1Ex
		i2_RefreshLine2Ex
 This function uses a non-reentrant model


 *************** function i2_WriteDataSLCD *****************
 Defined at:
		line 16 in file "SLCD/writdata.c"
 Parameters:    Size  Location     Type
  data            1    wreg     unsigned char 
 Auto vars:     Size  Location     Type
  data            1    0[COMRAM] unsigned char 
 Return value:  Size  Location     Type
		None               void
 Registers used:
		wreg, status,2, cstack
 Tracked objects:
		On entry : 
		On exit  : 
		Unchanged: 
 Data sizes:     COMRAM   BANK0   BANK1   BANK2   BANK3   BANK4   BANK5   BANK6   BANK7   BANK8   BANK9  BANK10  BANK11  BANK12  BANK13 BANK14l  BANK15
      Params:         0       0       0       0       0       0       0       0       0       0       0       0       0       0       0       0       0
      Locals:         1       0       0       0       0       0       0       0       0       0       0       0       0       0       0       0       0
      Temps:          0       0       0       0       0       0       0       0       0       0       0       0       0       0       0       0       0
      Totals:         1       0       0       0       0       0       0       0       0       0       0       0       0       0       0       0       0
Total ram usage:        1 bytes
 Hardware stack levels used:    1
 Hardware stack levels required when called:    1
 This function calls:
		i2_DelayFor18TCY
 This function is called by:
		i2_PutsSLCD
 This function uses a non-reentrant model


 *************** function i2_BusySLCD *****************
 Defined at:
		line 11 in file "SLCD/busyslcd.c"
 Parameters:    Size  Location     Type
		None
 Auto vars:     Size  Location     Type
		None
 Return value:  Size  Location     Type
                  1    wreg      unsigned char 
 Registers used:
		wreg, cstack
 Tracked objects:
		On entry : 
		On exit  : 
		Unchanged: 
 Data sizes:     COMRAM   BANK0   BANK1   BANK2   BANK3   BANK4   BANK5   BANK6   BANK7   BANK8   BANK9  BANK10  BANK11  BANK12  BANK13 BANK14l  BANK15
      Params:         0       0       0       0       0       0       0       0       0       0       0       0       0       0       0       0       0
      Locals:         0       0       0       0       0       0       0       0       0       0       0       0       0       0       0       0       0
      Temps:          0       0       0       0       0       0       0       0       0       0       0       0       0       0       0       0       0
      Totals:         0       0       0       0       0       0       0       0       0       0       0       0       0       0       0       0       0
Total ram usage:        0 bytes
 Hardware stack levels used:    1
 Hardware stack levels required when called:    1
 This function calls:
		i2_DelayFor18TCY
 This function is called by:
		i2_SLCDSetDDRamAddr
		i2_PutsSLCD
 This function uses a non-reentrant model


 *************** function i2_DelayFor18TCY *****************
 Defined at:
		line 16 in file "LCDDelay.c"
 Parameters:    Size  Location     Type
		None
 Auto vars:     Size  Location     Type
		None
 Return value:  Size  Location     Type
		None               void
 Registers used:
		None
 Tracked objects:
		On entry : 
		On exit  : 
		Unchanged: 
 Data sizes:     COMRAM   BANK0   BANK1   BANK2   BANK3   BANK4   BANK5   BANK6   BANK7   BANK8   BANK9  BANK10  BANK11  BANK12  BANK13 BANK14l  BANK15
      Params:         0       0       0       0       0       0       0       0       0       0       0       0       0       0       0       0       0
      Locals:         0       0       0       0       0       0       0       0       0       0       0       0       0       0       0       0       0
      Temps:          0       0       0       0       0       0       0       0       0       0       0       0       0       0       0       0       0
      Totals:         0       0       0       0       0       0       0       0       0       0       0       0       0       0       0       0       0
Total ram usage:        0 bytes
 Hardware stack levels used:    1
 This function calls:
		Nothing
 This function is called by:
		i2_WriteDataSLCD
		i2_BusySLCD
		i2_WriteCmdSLCD
 This function uses a non-reentrant model



MODULE INFORMATION

Module		Function		Class		Link	Load	Size
D:\Program Files (x86)\Microchip\xc8\v1.33\sources\common\ftmul.c
		___ftmul       		CODE           	17744	0000	374

D:\Program Files (x86)\Microchip\xc8\v1.33\sources\common\ftmul.c estimated size: 374

SLCD/writdata.c
		_WriteDataSLCD 		CODE           	1B82A	0000	34

SLCD/writdata.c estimated size: 34

D:\Program Files (x86)\Microchip\xc8\v1.33\sources\common\ftdiv.c
		___ftdiv       		CODE           	17B90	0000	344

D:\Program Files (x86)\Microchip\xc8\v1.33\sources\common\ftdiv.c estimated size: 344

SLCD/setddram.c
		_SLCDSetDDRamAd		CODE           	1B964	0000	26

SLCD/setddram.c estimated size: 26

SLCD/openslcd.c
		_OpenSLCD      		CODE           	1A56E	0000	148

SLCD/openslcd.c estimated size: 148

D:\Program Files (x86)\Microchip\xc8\v1.33\sources\pic18\plib\Flash\ReadFlash.c
		_ReadFlash     		CODE           	1ADAA	0000	96

D:\Program Files (x86)\Microchip\xc8\v1.33\sources\pic18\plib\Flash\ReadFlash.c estimated size: 96

SLCD/wcmdslcd.c
		_WriteCmdSLCD  		CODE           	1B7C0	0000	36

SLCD/wcmdslcd.c estimated size: 36

SLCD/busyslcd.c
		_BusySLCD      		CODE           	1B84C	0000	34

SLCD/busyslcd.c estimated size: 34

D:\Program Files (x86)\Microchip\xc8\v1.33\sources\common\awdiv.c
		___awdiv       		CODE           	19384	0000	226

D:\Program Files (x86)\Microchip\xc8\v1.33\sources\common\awdiv.c estimated size: 226

D:\Program Files (x86)\Microchip\xc8\v1.33\sources\pic18\d1ktcyx.c
		_Delay1KTCYx   		CODE           	1BA1C	0000	20

D:\Program Files (x86)\Microchip\xc8\v1.33\sources\pic18\d1ktcyx.c estimated size: 20

D:\Program Files (x86)\Microchip\xc8\v1.33\sources\common\lldiv.c
		___lldiv       		CODE           	197CC	0000	212

D:\Program Files (x86)\Microchip\xc8\v1.33\sources\common\lldiv.c estimated size: 212

D:\Program Files (x86)\Microchip\xc8\v1.33\sources\common\isdigit.c
		_isdigit       		CODE           	1B656	0000	44

D:\Program Files (x86)\Microchip\xc8\v1.33\sources\common\isdigit.c estimated size: 44

D:\Program Files (x86)\Microchip\xc8\v1.33\sources\common\fldivl.c
		__div_to_l_    		CODE           	158AC	0000	552

D:\Program Files (x86)\Microchip\xc8\v1.33\sources\common\fldivl.c estimated size: 552

Persistence.c
		_GetCheckSum   		CODE           	1B2C0	0000	66
		_SaveToFlash   		CODE           	14A30	0000	698
		_FindEmpty     		CODE           	17444	0000	388
		_RestoreFromFla		CODE           	16DC8	0000	424

Persistence.c estimated size: 1576

Device.c
		_PowerOff      		CODE           	1BAFE	0000	6
		_SendVolumeToDe		CODE           	1B9AE	0000	22
		_UpdateMasterVo		CODE           	19EF8	0000	186
		_SendDataToDevi		CODE           	15CF4	0000	542
		_DbToCode      		CODE           	151E0	0000	616
		_PowerOn       		CODE           	1B088	0000	74
		_ChangeMasterVo		CODE           	1B340	0000	62
		_UpdateSampleRa		CODE           	1A1B0	0000	164

Device.c estimated size: 1672

D:\Program Files (x86)\Microchip\xc8\v1.33\sources\common\fttol.c
		___fttol       		CODE           	175C8	0000	380

D:\Program Files (x86)\Microchip\xc8\v1.33\sources\common\fttol.c estimated size: 380

../tcpip/ETH97J60.c
		_MACPut        		CODE           	1BAC6	0000	14
		_MACFlush      		CODE           	1B3BA	0000	56
		_MACSetReadPtr 		CODE           	1BA92	0000	18
		_MACGetHeader  		CODE           	18798	0000	272
		_MACCalcRxCheck		CODE           	1A7AE	0000	136
		_MACSetReadPtrI		CODE           	1B030	0000	88
		_MACInit       		CODE           	18BCC	0000	260
		_MACGetArray   		CODE           	1AE6A	0000	92
		_MACIsMemCopyDo		CODE           	1BAD4	0000	12
		_MACMemCopyAsyn		CODE           	17116	0000	418
		_WritePHYReg   		CODE           	1B4CA	0000	52
		_MACGet        		CODE           	1BAEC	0000	10
		_CalcIPBufferCh		CODE           	17CE8	0000	330
		_MACPutHeader  		CODE           	1A722	0000	140
		_MACSetWritePtr		CODE           	1BA80	0000	18
		_MACIsTxReady  		CODE           	1AF7C	0000	90
		_MACDiscardRx  		CODE           	1B11C	0000	72
		_MACPutArray   		CODE           	1FFC8	0000	48
		_MACGetFreeRxSi		CODE           	19548	0000	216

../tcpip/ETH97J60.c estimated size: 2342

D:\Program Files (x86)\Microchip\xc8\v1.33\sources\common\ftadd.c
		___ftadd       		CODE           	14CEA	0000	640

D:\Program Files (x86)\Microchip\xc8\v1.33\sources\common\ftadd.c estimated size: 640

../tcpip/ip.c
		_IPPutHeader   		CODE           	1856A	0000	282
		_IPGetHeader   		CODE           	178BA	0000	366
		_IPSetRxBuffer 		CODE           	1B910	0000	28
		_SwapIPHeader  		CODE           	19E36	0000	194

../tcpip/ip.c estimated size: 870

D:\Program Files (x86)\Microchip\xc8\v1.33\sources\common\awtoft.c
		___awtoft      		CODE           	1AF22	0000	90

D:\Program Files (x86)\Microchip\xc8\v1.33\sources\common\awtoft.c estimated size: 90

D:\Program Files (x86)\Microchip\xc8\v1.33\sources\common\memset.c
		_memset        		CODE           	1B3F2	0000	56

D:\Program Files (x86)\Microchip\xc8\v1.33\sources\common\memset.c estimated size: 56

SLCD/putsslcd.c
		_PutsSLCD      		CODE           	1AC0A	0000	106

SLCD/putsslcd.c estimated size: 106

LCDDelay.c
		_DelayFor18TCY 		CODE           	1B564	0000	50
		_DelayPORSLCD  		CODE           	1BAF6	0000	8

LCDDelay.c estimated size: 58

../tcpip/helpers.c
		_LFSRRand      		CODE           	196F6	0000	214
		_strupr        		CODE           	1B164	0000	72
		_swapl         		CODE           	1B27E	0000	66
		_swaps         		CODE           	1B8F2	0000	30
		_CalcIPChecksum		CODE           	18ED4	0000	246
		_LFSRSeedRand  		CODE           	1ACDC	0000	104
		_GenerateRandom		CODE           	16F70	0000	422
		_FormatNetBIOSN		CODE           	1A8BE	0000	130

../tcpip/helpers.c estimated size: 1284

D:\Program Files (x86)\Microchip\xc8\v1.33\sources\common\lwtoft.c
		___lwtoft      		CODE           	1B628	0000	46

D:\Program Files (x86)\Microchip\xc8\v1.33\sources\common\lwtoft.c estimated size: 46

D:\Program Files (x86)\Microchip\xc8\v1.33\sources\common\ftneg.c
		___ftneg       		CODE           	1B532	0000	50

D:\Program Files (x86)\Microchip\xc8\v1.33\sources\common\ftneg.c estimated size: 50

shared
		i2_TickGet     		CODE           	1B74E	0000	38
		i2_WriteDataSLC		CODE           	1B8D2	0000	32
		i2___ftneg     		CODE           	1B79A	0000	38
		i2_BusySLCD    		CODE           	1B890	0000	34
		i2_GetCheckSum 		CODE           	1B596	0000	50
		i2___ftadd     		CODE           	16C1C	0000	428
		__stringdata   		MEDIUMCONST    	FF2D	0000	209
		i2_ReadFlash   		CODE           	1AFD6	0000	90
		i2_RefreshLine1		CODE           	1BA6C	0000	20
		i2_RefreshLine2		CODE           	1BA58	0000	20
		i2___ftdiv     		CODE           	19466	0000	226
		__powers_      		MEDIUMCONST    	FEDA	0000	39
		i2___fttol     		CODE           	18FCA	0000	246
		i2_SendDataToDe		CODE           	164E0	0000	478
		_dpowers       		MEDIUMCONST    	FE8B	0000	40
		i2___ftge      		CODE           	1A692	0000	144
		i2_EraseFlash  		CODE           	1AB30	0000	110
		i2___lwtoft    		CODE           	1B7E4	0000	36
		i2_isdigit     		CODE           	1B8B2	0000	32
		i2_SLCDSetDDRam		CODE           	1BA06	0000	22
		i2_PowerOn     		CODE           	1B0D2	0000	74
		i2_PowerOff    		CODE           	1BB04	0000	6
		_SerializedMACA		MEDIUMCONST    	FF21	0000	6
		_IR_VOLUME_UP  		MEDIUMCONST    	FF18	0000	9
		i2_RefreshLine1		CODE           	1BAA4	0000	18
		i2___awdiv     		CODE           	1A2F8	0000	164
		i2__tdiv_to_l_ 		CODE           	180BE	0000	306
		i2___awtoft    		CODE           	1B1AC	0000	72
		_reserveSetting		CODE           	1D000	0000	8192
		i2___ftmul     		CODE           	190C0	0000	240
		i2___wmul      		CODE           	1B774	0000	38
		i2__div_to_l_  		CODE           	17A28	0000	360
		__npowers_     		MEDIUMCONST    	FEB3	0000	39
		i2___ftpack    		CODE           	1A108	0000	168
		i2_scale       		CODE           	1FB78	0000	1104
		i2___lldiv     		CODE           	1A940	0000	130
		__initializatio		CODE           	1A9C2	0000	122
		i2___lltoft    		CODE           	1AEC6	0000	92
		_IR_VOLUME_DOWN		MEDIUMCONST    	FF0F	0000	9
		i2___ftsub     		CODE           	1B460	0000	54
		i2_UpdateMaster		CODE           	1A43C	0000	158
		_SETTINGS_LEN  		MEDIUMCONST    	FF0B	0000	4
		i2_FindEmpty   		CODE           	18444	0000	294
		i2___awmod     		CODE           	1A602	0000	144
		i2_SaveToFlash 		CODE           	1567C	0000	560
		_IR_POWER_ON   		MEDIUMCONST    	FF2A	0000	3
		_SETTINGS_ADDR 		MEDIUMCONST    	FF07	0000	4
		_IR_POWER_OFF  		MEDIUMCONST    	FF27	0000	3
		i2_Delay1KTCYx 		CODE           	1BAB6	0000	16
		i2_GetTickCopy 		CODE           	1B4FE	0000	52
		i2___llmod     		CODE           	1AD44	0000	102
		i2_sprintf     		CODE           	122F8	0000	2698
		i2_Delay10KTCYx		CODE           	1B9DA	0000	22
		_LOGS          		MEDIUMCONST    	FE2B	0000	96
		_TCPSocketIniti		MEDIUMCONST    	FF01	0000	6
		i2_DbToCode    		CODE           	1689A	0000	468
		i2_UpdateSample		CODE           	1A836	0000	136
		i2_PutsSLCD    		CODE           	1AE0A	0000	96
		i2_memcmp      		CODE           	1A39C	0000	160
		i2_memset      		CODE           	1B682	0000	44
		i2_WriteCmdSLCD		CODE           	1B86E	0000	34
		i2_fround      		CODE           	14F6A	0000	630
		i2_SendVolumeTo		CODE           	1B9F0	0000	22
		i2_DelayFor18TC		CODE           	1B5C8	0000	50
		i2_WriteBlockFl		CODE           	19974	0000	210

shared estimated size: 19547

D:\Program Files (x86)\Microchip\xc8\v1.33\sources\common\lltoft.c
		___lltoft      		CODE           	1AA42	0000	126

D:\Program Files (x86)\Microchip\xc8\v1.33\sources\common\lltoft.c estimated size: 126

../tcpip/stack_task.c
		_StackTask     		CODE           	19B16	0000	202
		_StackInit     		CODE           	1B23A	0000	68

../tcpip/stack_task.c estimated size: 270

D:\Program Files (x86)\Microchip\xc8\v1.33\sources\common\ftsub.c
		___ftsub       		CODE           	1B37E	0000	60

D:\Program Files (x86)\Microchip\xc8\v1.33\sources\common\ftsub.c estimated size: 60

D:\Program Files (x86)\Microchip\xc8\v1.33\sources\common\float.c
		___ftpack      		CODE           	18AC2	0000	266

D:\Program Files (x86)\Microchip\xc8\v1.33\sources\common\float.c estimated size: 266

D:\Program Files (x86)\Microchip\xc8\v1.33\sources\common\ftge.c
		___ftge        		CODE           	198A0	0000	212

D:\Program Files (x86)\Microchip\xc8\v1.33\sources\common\ftge.c estimated size: 212

D:\Program Files (x86)\Microchip\xc8\v1.33\sources\pic18\plib\Flash\WriteBlockFlash.c
		_WriteBlockFlas		CODE           	1831C	0000	296

D:\Program Files (x86)\Microchip\xc8\v1.33\sources\pic18\plib\Flash\WriteBlockFlash.c estimated size: 296

../tcpip/tcp.c
		_TCPIsPutReady 		CODE           	189B6	0000	268
		_GetMaxSegSizeO		CODE           	17E32	0000	326
		_CloseSocket   		CODE           	19BE0	0000	202
		_TCPOpen       		CODE           	15F12	0000	504
		_HandleTCPSeg  		CODE           	10000	0000	6194
		_TCPClose      		CODE           	1B808	0000	34
		_TCPPutArray   		CODE           	15448	0000	564
		_FindMatchingSo		CODE           	135FE	0000	1632
		_TCPDisconnect 		CODE           	18CD0	0000	258
		_TCPIsConnected		CODE           	1B6AE	0000	42
		_TCPProcess    		CODE           	16A6E	0000	430
		_TCPRAMCopy    		CODE           	191B0	0000	234
		_SyncTCB       		CODE           	19620	0000	214
		_SyncTCBStub   		CODE           	1A060	0000	168
		_TCPTick       		CODE           	11832	0000	2758
		_TCPFlush      		CODE           	1B1F4	0000	70
		_TCPIsGetReady 		CODE           	19A46	0000	208
		_TCPInit       		CODE           	15AD4	0000	544
		_TCPGetArray   		CODE           	166BE	0000	476
		_SendTCP       		CODE           	12D82	0000	2172
		_SwapTCPHeader 		CODE           	1610A	0000	502

../tcpip/tcp.c estimated size: 17800

IR.c
		_IRTimerInt    		CODE           	1B302	0000	62
		_ReInitTimer   		CODE           	1BA44	0000	20
		_ProcessIRInt  		CODE           	1929A	0000	234
		_InitrIR       		CODE           	1AAC0	0000	112
		_ProcessIRCode 		CODE           	172B8	0000	396

IR.c estimated size: 824

D:\Program Files (x86)\Microchip\xc8\v1.33\sources\pic18\d10ktcyx.c
		_Delay10KTCYx  		CODE           	1B92C	0000	28

D:\Program Files (x86)\Microchip\xc8\v1.33\sources\pic18\d10ktcyx.c estimated size: 28

D:\Program Files (x86)\Microchip\xc8\v1.33\sources\common\awmod.c
		___awmod       		CODE           	19D72	0000	196

D:\Program Files (x86)\Microchip\xc8\v1.33\sources\common\awmod.c estimated size: 196

D:\Program Files (x86)\Microchip\xc8\v1.33\sources\common\doprnt.c
		_scale         		CODE           	13C5E	0000	1474
		_sprintf       		CODE           	1F000	0000	2936
		_fround        		CODE           	14704	0000	812

D:\Program Files (x86)\Microchip\xc8\v1.33\sources\common\doprnt.c estimated size: 5222

D:\Program Files (x86)\Microchip\xc8\v1.33\sources\common\llmod.c
		___llmod       		CODE           	1A254	0000	164

D:\Program Files (x86)\Microchip\xc8\v1.33\sources\common\llmod.c estimated size: 164

../tcpip/tick.c
		_TickInit      		CODE           	1BA30	0000	20
		_TickGet       		CODE           	1B728	0000	38
		_TickGetDiv256 		CODE           	1B702	0000	38
		_TickUpdate    		CODE           	1B948	0000	28
		_GetTickCopy   		CODE           	1B496	0000	52

../tcpip/tick.c estimated size: 176

D:\Program Files (x86)\Microchip\xc8\v1.33\sources\common\memcmp.c
		_memcmp        		CODE           	19CAA	0000	200

D:\Program Files (x86)\Microchip\xc8\v1.33\sources\common\memcmp.c estimated size: 200

D:\Program Files (x86)\Microchip\xc8\v1.33\sources\common\memcpy.c
		_memcpy        		CODE           	1AB9E	0000	108

D:\Program Files (x86)\Microchip\xc8\v1.33\sources\common\memcpy.c estimated size: 108

D:\Program Files (x86)\Microchip\xc8\v1.33\sources\pic18\plib\Flash\EraseFlash.c
		_EraseFlash    		CODE           	1A4DA	0000	148

D:\Program Files (x86)\Microchip\xc8\v1.33\sources\pic18\plib\Flash\EraseFlash.c estimated size: 148

D:\Program Files (x86)\Microchip\xc8\v1.33\sources\common\ftdivl.c
		__tdiv_to_l_   		CODE           	16300	0000	480

D:\Program Files (x86)\Microchip\xc8\v1.33\sources\common\ftdivl.c estimated size: 480

main.c
		_main          		CODE           	1B5FA	0000	46
		_ISRLP         		CODE           	0008	0000	428
		_InitAppConfig 		CODE           	188A8	0000	270
		_Configure     		CODE           	1AC74	0000	104
		_TCPServer     		CODE           	14220	0000	1252

main.c estimated size: 2100

../tcpip/arp.c
		_ARPInit       		CODE           	1B6D8	0000	42
		_ARPResolve    		CODE           	18DD2	0000	258
		_ARPProcess    		CODE           	17F78	0000	326
		_ARPIsResolved 		CODE           	18684	0000	276
		_ARPPut        		CODE           	181F0	0000	300
		_SwapARPPacket 		CODE           	19FB2	0000	174

../tcpip/arp.c estimated size: 1376

D:\Program Files (x86)\Microchip\xc8\v1.33\sources\common\Umul16.c
		___wmul        		CODE           	1B42A	0000	54

D:\Program Files (x86)\Microchip\xc8\v1.33\sources\common\Umul16.c estimated size: 54

LCD.c
		_RefreshLine1Ex		CODE           	1B996	0000	24
		_RefreshLine2Ex		CODE           	1B97E	0000	24
		_RefreshLine1  		CODE           	1B9C4	0000	22

LCD.c estimated size: 70

